Archive member included to satisfy reference by file (symbol)

libopencm3/lib/libopencm3_stm32f4.a(rcc.o)
                              build/phi_bl/main_f4.o (rcc_wait_for_osc_ready)
libopencm3/lib/libopencm3_stm32f4.a(gpio_common_f0234.o)
                              build/phi_bl/stm32/cdcacm.o (gpio_mode_setup)
libopencm3/lib/libopencm3_stm32f4.a(usart_common_all.o)
                              build/phi_bl/stm32/usart.o (usart_set_baudrate)
libopencm3/lib/libopencm3_stm32f4.a(usart_common_f124.o)
                              libopencm3/lib/libopencm3_stm32f4.a(usart_common_all.o) (usart_send)
libopencm3/lib/libopencm3_stm32f4.a(flash_common_f234.o)
                              libopencm3/lib/libopencm3_stm32f4.a(rcc.o) (flash_set_ws)
libopencm3/lib/libopencm3_stm32f4.a(flash_common_f24.o)
                              build/phi_bl/main_f4.o (flash_program_word)
libopencm3/lib/libopencm3_stm32f4.a(rcc_common_all.o)
                              build/phi_bl/stm32/cdcacm.o (rcc_peripheral_enable_clock)
libopencm3/lib/libopencm3_stm32f4.a(usb.o)
                              build/phi_bl/stm32/cdcacm.o (usbd_init)
libopencm3/lib/libopencm3_stm32f4.a(usb_standard.o)
                              build/phi_bl/stm32/cdcacm.o (usbd_register_set_config_callback)
libopencm3/lib/libopencm3_stm32f4.a(usb_control.o)
                              build/phi_bl/stm32/cdcacm.o (usbd_register_control_callback)
libopencm3/lib/libopencm3_stm32f4.a(usb_f107.o)
                              build/phi_bl/stm32/cdcacm.o (stm32f107_usb_driver)
libopencm3/lib/libopencm3_stm32f4.a(vector.o)
                              (vector_table)
libopencm3/lib/libopencm3_stm32f4.a(systick.o)
                              build/phi_bl/main_f4.o (systick_set_reload)
libopencm3/lib/libopencm3_stm32f4.a(nvic.o)
                              build/phi_bl/stm32/cdcacm.o (nvic_enable_irq)
libopencm3/lib/libopencm3_stm32f4.a(pwr.o)
                              libopencm3/lib/libopencm3_stm32f4.a(rcc.o) (pwr_set_vos_scale)
libopencm3/lib/libopencm3_stm32f4.a(usb_dwc_common.o)
                              libopencm3/lib/libopencm3_stm32f4.a(usb_f107.o) (dwc_set_address)
/usr/lib/gcc/arm-none-eabi/10.3.1/../../../arm-none-eabi/lib/thumb/v7e-m+fp/hard/libg.a(lib_a-memcpy.o)
                              libopencm3/lib/libopencm3_stm32f4.a(usb_standard.o) (memcpy)
/usr/lib/gcc/arm-none-eabi/10.3.1/../../../arm-none-eabi/lib/thumb/v7e-m+fp/hard/libg.a(lib_a-strlen.o)
                              libopencm3/lib/libopencm3_stm32f4.a(usb_standard.o) (strlen)

Discarded input sections

 .text          0x0000000000000000        0x0 build/phi_bl/bl.o
 .data          0x0000000000000000        0x0 build/phi_bl/bl.o
 .text          0x0000000000000000        0x0 build/phi_bl/stm32/cdcacm.o
 .text          0x0000000000000000        0x0 build/phi_bl/stm32/usart.o
 .data          0x0000000000000000        0x0 build/phi_bl/stm32/usart.o
 .text          0x0000000000000000        0x0 build/phi_bl/main_f4.o
 .bss           0x0000000000000000        0x0 build/phi_bl/main_f4.o
 .text.check_silicon
                0x0000000000000000        0x4 build/phi_bl/main_f4.o
 .group         0x0000000000000000        0xc libopencm3/lib/libopencm3_stm32f4.a(rcc.o)
 .group         0x0000000000000000        0xc libopencm3/lib/libopencm3_stm32f4.a(rcc.o)
 .group         0x0000000000000000        0xc libopencm3/lib/libopencm3_stm32f4.a(rcc.o)
 .group         0x0000000000000000        0xc libopencm3/lib/libopencm3_stm32f4.a(rcc.o)
 .group         0x0000000000000000        0xc libopencm3/lib/libopencm3_stm32f4.a(rcc.o)
 .group         0x0000000000000000        0xc libopencm3/lib/libopencm3_stm32f4.a(rcc.o)
 .group         0x0000000000000000        0xc libopencm3/lib/libopencm3_stm32f4.a(rcc.o)
 .group         0x0000000000000000        0xc libopencm3/lib/libopencm3_stm32f4.a(rcc.o)
 .group         0x0000000000000000        0xc libopencm3/lib/libopencm3_stm32f4.a(rcc.o)
 .group         0x0000000000000000        0xc libopencm3/lib/libopencm3_stm32f4.a(rcc.o)
 .group         0x0000000000000000        0xc libopencm3/lib/libopencm3_stm32f4.a(rcc.o)
 .group         0x0000000000000000        0xc libopencm3/lib/libopencm3_stm32f4.a(rcc.o)
 .text          0x0000000000000000        0x0 libopencm3/lib/libopencm3_stm32f4.a(rcc.o)
 .data          0x0000000000000000        0x0 libopencm3/lib/libopencm3_stm32f4.a(rcc.o)
 .bss           0x0000000000000000        0x0 libopencm3/lib/libopencm3_stm32f4.a(rcc.o)
 .text.rcc_osc_ready_int_clear
                0x0000000000000000       0x6c libopencm3/lib/libopencm3_stm32f4.a(rcc.o)
 .text.rcc_osc_ready_int_enable
                0x0000000000000000       0x6c libopencm3/lib/libopencm3_stm32f4.a(rcc.o)
 .text.rcc_osc_ready_int_disable
                0x0000000000000000       0x6c libopencm3/lib/libopencm3_stm32f4.a(rcc.o)
 .text.rcc_osc_ready_int_flag
                0x0000000000000000       0x6c libopencm3/lib/libopencm3_stm32f4.a(rcc.o)
[...]
Memory Configuration

Name             Origin             Length             Attributes
rom              0x0000000008000000 0x0000000000004000 xr
ram              0x0000000020000000 0x0000000000020000 xrw
*default*        0x0000000000000000 0xffffffffffffffff

Linker script and memory map

LOAD build/phi_bl/bl.o
LOAD build/phi_bl/stm32/cdcacm.o
LOAD build/phi_bl/stm32/usart.o
LOAD build/phi_bl/main_f4.o
LOAD /usr/lib/gcc/arm-none-eabi/10.3.1/../../../arm-none-eabi/lib/thumb/v7e-m+fp/hard/libnosys.a
LOAD libopencm3/lib/libopencm3_stm32f4.a
START GROUP
LOAD /usr/lib/gcc/arm-none-eabi/10.3.1/thumb/v7e-m+fp/hard/libgcc.a
LOAD /usr/lib/gcc/arm-none-eabi/10.3.1/../../../arm-none-eabi/lib/thumb/v7e-m+fp/hard/libg.a
LOAD /usr/lib/gcc/arm-none-eabi/10.3.1/../../../arm-none-eabi/lib/thumb/v7e-m+fp/hard/libc.a
END GROUP
                0x0000000008000000                . = ORIGIN (rom)

.text           0x0000000008000000     0x27f4
 *(.vectors)
 .vectors       0x0000000008000000      0x1ac libopencm3/lib/libopencm3_stm32f4.a(vector.o)
                0x0000000008000000                vector_table
 *(.text*)
 .text.cinit    0x00000000080001ac       0x12 build/phi_bl/bl.o
                0x00000000080001ac                cinit
 .text.cfini    0x00000000080001be        0xe build/phi_bl/bl.o
                0x00000000080001be                cfini
 .text.cin      0x00000000080001cc       0x40 build/phi_bl/bl.o
                0x00000000080001cc                cin
 .text.cin_wait
                0x000000000800020c       0x20 build/phi_bl/bl.o
 .text.wait_for_eoc
                0x000000000800022c       0x10 build/phi_bl/bl.o
 .text.cin_word.constprop.0
                0x000000000800023c       0x26 build/phi_bl/bl.o
 *fill*         0x0000000008000262        0x2 
 .text.cout     0x0000000008000264       0x2c build/phi_bl/bl.o
                0x0000000008000264                cout
 .text.buf_put  0x0000000008000290       0x1c build/phi_bl/bl.o
                0x0000000008000290                buf_put
 .text.buf_get  0x00000000080002ac       0x20 build/phi_bl/bl.o
                0x00000000080002ac                buf_get
 .text.jump_to_app
                0x00000000080002cc       0x50 build/phi_bl/bl.o
                0x00000000080002cc                jump_to_app
 .text.sys_tick_handler
                0x000000000800031c       0x28 build/phi_bl/bl.o
                0x000000000800031c                sys_tick_handler
 .text.delay    0x0000000008000344       0x10 build/phi_bl/bl.o
                0x0000000008000344                delay
 .text.bootloader
                0x0000000008000354      0x474 build/phi_bl/bl.o
                0x0000000008000354                bootloader
 .text.cdcacm_control_request
                0x00000000080007c8       0x2c build/phi_bl/stm32/cdcacm.o
 .text.cdcacm_set_config
                0x00000000080007f4       0x4c build/phi_bl/stm32/cdcacm.o
 .text.cdcacm_data_rx_cb
                0x0000000008000840       0x28 build/phi_bl/stm32/cdcacm.o
 .text.otg_fs_isr
                0x0000000008000868       0x10 build/phi_bl/stm32/cdcacm.o
                0x0000000008000868                otg_fs_isr
 .text.usb_cinit
                0x0000000008000878       0xb8 build/phi_bl/stm32/cdcacm.o
                0x0000000008000878                usb_cinit
 .text.usb_cfini
                0x0000000008000930       0x40 build/phi_bl/stm32/cdcacm.o
                0x0000000008000930                usb_cfini
 .text.usb_cin  0x0000000008000970       0x14 build/phi_bl/stm32/cdcacm.o
                0x0000000008000970                usb_cin
 .text.usb_cout
                0x0000000008000984       0x30 build/phi_bl/stm32/cdcacm.o
                0x0000000008000984                usb_cout
 .text.uart_cinit
                0x00000000080009b4       0x44 build/phi_bl/stm32/usart.o
                0x00000000080009b4                uart_cinit
 .text.uart_cfini
                0x00000000080009f8        0xc build/phi_bl/stm32/usart.o
                0x00000000080009f8                uart_cfini
 .text.uart_cin
                0x0000000008000a04       0x1c build/phi_bl/stm32/usart.o
                0x0000000008000a04                uart_cin
 .text.uart_cout
                0x0000000008000a20       0x20 build/phi_bl/stm32/usart.o
                0x0000000008000a20                uart_cout
 .text.board_get_devices
                0x0000000008000a40        0x4 build/phi_bl/main_f4.o
                0x0000000008000a40                board_get_devices
 .text.board_deinit
                0x0000000008000a44       0x48 build/phi_bl/main_f4.o
                0x0000000008000a44                board_deinit
 .text.arch_systic_init
                0x0000000008000a8c       0x28 build/phi_bl/main_f4.o
                0x0000000008000a8c                arch_systic_init
 .text.arch_systic_deinit
                0x0000000008000ab4        0xe build/phi_bl/main_f4.o
                0x0000000008000ab4                arch_systic_deinit
 *fill*         0x0000000008000ac2        0x2 
 .text.clock_deinit
                0x0000000008000ac4       0x40 build/phi_bl/main_f4.o
                0x0000000008000ac4                clock_deinit
 .text.arch_flash_lock
                0x0000000008000b04        0x4 build/phi_bl/main_f4.o
                0x0000000008000b04                arch_flash_lock
 .text.arch_flash_unlock
                0x0000000008000b08        0x4 build/phi_bl/main_f4.o
                0x0000000008000b08                arch_flash_unlock
 .text.arch_setvtor
                0x0000000008000b0c        0xa build/phi_bl/main_f4.o
                0x0000000008000b0c                arch_setvtor
 *fill*         0x0000000008000b16        0x2 
 .text.flash_func_sector_size
                0x0000000008000b18       0x28 build/phi_bl/main_f4.o
                0x0000000008000b18                flash_func_sector_size
 .text.flash_func_write_word
                0x0000000008000b40        0xc build/phi_bl/main_f4.o
                0x0000000008000b40                flash_func_write_word
 .text.flash_func_read_word
                0x0000000008000b4c       0x12 build/phi_bl/main_f4.o
                0x0000000008000b4c                flash_func_read_word
 *fill*         0x0000000008000b5e        0x2 
 .text.flash_func_erase_sector
                0x0000000008000b60       0x60 build/phi_bl/main_f4.o
                0x0000000008000b60                flash_func_erase_sector
 .text.flash_func_read_otp
                0x0000000008000bc0       0x20 build/phi_bl/main_f4.o
                0x0000000008000bc0                flash_func_read_otp
 .text.get_mcu_id
                0x0000000008000be0        0xc build/phi_bl/main_f4.o
                0x0000000008000be0                get_mcu_id
 .text.get_mcu_desc
                0x0000000008000bec       0xac build/phi_bl/main_f4.o
                0x0000000008000bec                get_mcu_desc
 .text.flash_func_read_sn
                0x0000000008000c98        0xe build/phi_bl/main_f4.o
                0x0000000008000c98                flash_func_read_sn
 *fill*         0x0000000008000ca6        0x2 
 .text.startup.main
                0x0000000008000ca8      0x148 build/phi_bl/main_f4.o
                0x0000000008000ca8                main
 .text.rcc_is_osc_ready
                0x0000000008000df0       0x64 libopencm3/lib/libopencm3_stm32f4.a(rcc.o)
                0x0000000008000df0                rcc_is_osc_ready
 .text.rcc_wait_for_osc_ready
                0x0000000008000e54       0x10 libopencm3/lib/libopencm3_stm32f4.a(rcc.o)
                0x0000000008000e54                rcc_wait_for_osc_ready
 .text.rcc_osc_on
                0x0000000008000e64       0x74 libopencm3/lib/libopencm3_stm32f4.a(rcc.o)
                0x0000000008000e64                rcc_osc_on
 .text.rcc_osc_off
                0x0000000008000ed8       0x74 libopencm3/lib/libopencm3_stm32f4.a(rcc.o)
                0x0000000008000ed8                rcc_osc_off
 .text.rcc_css_disable
                0x0000000008000f4c       0x14 libopencm3/lib/libopencm3_stm32f4.a(rcc.o)
                0x0000000008000f4c                rcc_css_disable
 .text.rcc_set_sysclk_source
                0x0000000008000f60       0x18 libopencm3/lib/libopencm3_stm32f4.a(rcc.o)
                0x0000000008000f60                rcc_set_sysclk_source
 .text.rcc_set_ppre2
                0x0000000008000f78       0x18 libopencm3/lib/libopencm3_stm32f4.a(rcc.o)
                0x0000000008000f78                rcc_set_ppre2
 .text.rcc_set_ppre1
                0x0000000008000f90       0x18 libopencm3/lib/libopencm3_stm32f4.a(rcc.o)
                0x0000000008000f90                rcc_set_ppre1
 .text.rcc_set_hpre
                0x0000000008000fa8       0x18 libopencm3/lib/libopencm3_stm32f4.a(rcc.o)
                0x0000000008000fa8                rcc_set_hpre
 .text.rcc_set_main_pll_hse
                0x0000000008000fc0       0x44 libopencm3/lib/libopencm3_stm32f4.a(rcc.o)
                0x0000000008000fc0                rcc_set_main_pll_hse
 .text.rcc_clock_setup_hse_3v3
                0x0000000008001004       0xa0 libopencm3/lib/libopencm3_stm32f4.a(rcc.o)
                0x0000000008001004                rcc_clock_setup_hse_3v3
 .text.gpio_mode_setup
                0x00000000080010a4       0x40 libopencm3/lib/libopencm3_stm32f4.a(gpio_common_f0234.o)
                0x00000000080010a4                gpio_mode_setup
 .text.gpio_set_af
                0x00000000080010e4       0x58 libopencm3/lib/libopencm3_stm32f4.a(gpio_common_f0234.o)
                0x00000000080010e4                gpio_set_af
 .text.usart_set_baudrate
                0x000000000800113c       0x30 libopencm3/lib/libopencm3_stm32f4.a(usart_common_all.o)
                0x000000000800113c                usart_set_baudrate
 .text.usart_set_databits
                0x000000000800116c       0x12 libopencm3/lib/libopencm3_stm32f4.a(usart_common_all.o)
                0x000000000800116c                usart_set_databits
 .text.usart_set_stopbits
                0x000000000800117e        0xc libopencm3/lib/libopencm3_stm32f4.a(usart_common_all.o)
                0x000000000800117e                usart_set_stopbits
 .text.usart_set_parity
                0x000000000800118a        0xc libopencm3/lib/libopencm3_stm32f4.a(usart_common_all.o)
                0x000000000800118a                usart_set_parity
 .text.usart_set_mode
                0x0000000008001196        0xc libopencm3/lib/libopencm3_stm32f4.a(usart_common_all.o)
                0x0000000008001196                usart_set_mode
 .text.usart_set_flow_control
                0x00000000080011a2        0xc libopencm3/lib/libopencm3_stm32f4.a(usart_common_all.o)
                0x00000000080011a2                usart_set_flow_control
 .text.usart_enable
                0x00000000080011ae        0xa libopencm3/lib/libopencm3_stm32f4.a(usart_common_all.o)
                0x00000000080011ae                usart_enable
 .text.usart_disable
                0x00000000080011b8        0xa libopencm3/lib/libopencm3_stm32f4.a(usart_common_all.o)
                0x00000000080011b8                usart_disable
 .text.usart_send_blocking
                0x00000000080011c2       0x18 libopencm3/lib/libopencm3_stm32f4.a(usart_common_all.o)
                0x00000000080011c2                usart_send_blocking
 .text.usart_send
                0x00000000080011da        0x8 libopencm3/lib/libopencm3_stm32f4.a(usart_common_f124.o)
                0x00000000080011da                usart_send
 .text.usart_recv
                0x00000000080011e2        0x8 libopencm3/lib/libopencm3_stm32f4.a(usart_common_f124.o)
                0x00000000080011e2                usart_recv
 .text.usart_wait_send_ready
                0x00000000080011ea        0x8 libopencm3/lib/libopencm3_stm32f4.a(usart_common_f124.o)
                0x00000000080011ea                usart_wait_send_ready
 *fill*         0x00000000080011f2        0x2 
 .text.flash_set_ws
                0x00000000080011f4       0x18 libopencm3/lib/libopencm3_stm32f4.a(flash_common_f234.o)
                0x00000000080011f4                flash_set_ws
 .text.flash_unlock
                0x000000000800120c       0x28 libopencm3/lib/libopencm3_stm32f4.a(flash_common_f234.o)
                0x000000000800120c                flash_unlock
 .text.flash_lock
                0x0000000008001234       0x14 libopencm3/lib/libopencm3_stm32f4.a(flash_common_f234.o)
                0x0000000008001234                flash_lock
 .text.flash_wait_for_last_operation
                0x0000000008001248       0x10 libopencm3/lib/libopencm3_stm32f4.a(flash_common_f234.o)
                0x0000000008001248                flash_wait_for_last_operation
 .text.flash_set_program_size
                0x0000000008001258       0x20 libopencm3/lib/libopencm3_stm32f4.a(flash_common_f24.o)
 .text.flash_program_word
                0x0000000008001278       0x38 libopencm3/lib/libopencm3_stm32f4.a(flash_common_f24.o)
                0x0000000008001278                flash_program_word
 .text.flash_erase_sector
                0x00000000080012b0       0x68 libopencm3/lib/libopencm3_stm32f4.a(flash_common_f24.o)
                0x00000000080012b0                flash_erase_sector
 .text.rcc_peripheral_enable_clock
                0x0000000008001318        0x8 libopencm3/lib/libopencm3_stm32f4.a(rcc_common_all.o)
                0x0000000008001318                rcc_peripheral_enable_clock
 .text.rcc_peripheral_disable_clock
                0x0000000008001320        0xa libopencm3/lib/libopencm3_stm32f4.a(rcc_common_all.o)
                0x0000000008001320                rcc_peripheral_disable_clock
 .text.rcc_periph_clock_enable
                0x000000000800132a       0x1c libopencm3/lib/libopencm3_stm32f4.a(rcc_common_all.o)
                0x000000000800132a                rcc_periph_clock_enable
 *fill*         0x0000000008001346        0x2 
 .text.rcc_osc_bypass_disable
                0x0000000008001348       0x30 libopencm3/lib/libopencm3_stm32f4.a(rcc_common_all.o)
                0x0000000008001348                rcc_osc_bypass_disable
 .text.usbd_init
                0x0000000008001378       0x50 libopencm3/lib/libopencm3_stm32f4.a(usb.o)
                0x0000000008001378                usbd_init
 .text.usbd_poll
                0x00000000080013c8        0x8 libopencm3/lib/libopencm3_stm32f4.a(usb.o)
                0x00000000080013c8                usbd_poll
 .text.usbd_disconnect
                0x00000000080013d0        0xc libopencm3/lib/libopencm3_stm32f4.a(usb.o)
                0x00000000080013d0                usbd_disconnect
 .text.usbd_ep_setup
                0x00000000080013dc       0x10 libopencm3/lib/libopencm3_stm32f4.a(usb.o)
                0x00000000080013dc                usbd_ep_setup
 .text._usbd_reset
                0x00000000080013ec       0x30 libopencm3/lib/libopencm3_stm32f4.a(usb.o)
                0x00000000080013ec                _usbd_reset
 .text.usbd_ep_write_packet
                0x000000000800141c       0x10 libopencm3/lib/libopencm3_stm32f4.a(usb.o)
                0x000000000800141c                usbd_ep_write_packet
 .text.usbd_ep_read_packet
                0x000000000800142c       0x10 libopencm3/lib/libopencm3_stm32f4.a(usb.o)
                0x000000000800142c                usbd_ep_read_packet
 .text.usbd_ep_stall_set
                0x000000000800143c        0x8 libopencm3/lib/libopencm3_stm32f4.a(usb.o)
                0x000000000800143c                usbd_ep_stall_set
 .text.usbd_ep_stall_get
                0x0000000008001444        0x8 libopencm3/lib/libopencm3_stm32f4.a(usb.o)
                0x0000000008001444                usbd_ep_stall_get
 .text.usbd_ep_nak_set
                0x000000000800144c        0x8 libopencm3/lib/libopencm3_stm32f4.a(usb.o)
                0x000000000800144c                usbd_ep_nak_set
 .text.usb_standard_set_address
                0x0000000008001454       0x28 libopencm3/lib/libopencm3_stm32f4.a(usb_standard.o)
 .text.usb_standard_set_configuration
                0x000000000800147c       0x96 libopencm3/lib/libopencm3_stm32f4.a(usb_standard.o)
 .text.usb_standard_get_configuration
                0x0000000008001512       0x22 libopencm3/lib/libopencm3_stm32f4.a(usb_standard.o)
 .text.usb_standard_set_interface
                0x0000000008001534       0x54 libopencm3/lib/libopencm3_stm32f4.a(usb_standard.o)
 .text.usb_standard_get_interface
                0x0000000008001588       0x38 libopencm3/lib/libopencm3_stm32f4.a(usb_standard.o)
 .text.usb_standard_device_get_status
                0x00000000080015c0       0x18 libopencm3/lib/libopencm3_stm32f4.a(usb_standard.o)
 .text.usb_standard_endpoint_get_status
                0x00000000080015d8       0x2a libopencm3/lib/libopencm3_stm32f4.a(usb_standard.o)
 .text.usb_standard_endpoint_stall
                0x0000000008001602       0x10 libopencm3/lib/libopencm3_stm32f4.a(usb_standard.o)
 .text.usb_standard_endpoint_unstall
                0x0000000008001612       0x10 libopencm3/lib/libopencm3_stm32f4.a(usb_standard.o)
 .text.usb_standard_get_descriptor
                0x0000000008001622      0x264 libopencm3/lib/libopencm3_stm32f4.a(usb_standard.o)
 .text.usb_standard_interface_get_status
                0x0000000008001886       0x18 libopencm3/lib/libopencm3_stm32f4.a(usb_standard.o)
 .text.usbd_register_set_config_callback
                0x000000000800189e       0x24 libopencm3/lib/libopencm3_stm32f4.a(usb_standard.o)
                0x000000000800189e                usbd_register_set_config_callback
 *fill*         0x00000000080018c2        0x2 
 .text._usbd_standard_request_device
                0x00000000080018c4       0x4c libopencm3/lib/libopencm3_stm32f4.a(usb_standard.o)
                0x00000000080018c4                _usbd_standard_request_device
 .text._usbd_standard_request_interface
                0x0000000008001910       0x34 libopencm3/lib/libopencm3_stm32f4.a(usb_standard.o)
                0x0000000008001910                _usbd_standard_request_interface
 .text._usbd_standard_request_endpoint
                0x0000000008001944       0x40 libopencm3/lib/libopencm3_stm32f4.a(usb_standard.o)
                0x0000000008001944                _usbd_standard_request_endpoint
 .text._usbd_standard_request
                0x0000000008001984       0x38 libopencm3/lib/libopencm3_stm32f4.a(usb_standard.o)
                0x0000000008001984                _usbd_standard_request
 .text.stall_transaction
                0x00000000080019bc       0x14 libopencm3/lib/libopencm3_stm32f4.a(usb_control.o)
 .text.usb_control_recv_chunk
                0x00000000080019d0       0x3c libopencm3/lib/libopencm3_stm32f4.a(usb_control.o)
 .text.usb_control_send_chunk
                0x0000000008001a0c       0x52 libopencm3/lib/libopencm3_stm32f4.a(usb_control.o)
 .text.usb_control_request_dispatch
                0x0000000008001a5e       0x60 libopencm3/lib/libopencm3_stm32f4.a(usb_control.o)
 .text.usb_control_setup_read
                0x0000000008001abe       0x66 libopencm3/lib/libopencm3_stm32f4.a(usb_control.o)
 .text.usbd_register_control_callback
                0x0000000008001b24       0x2c libopencm3/lib/libopencm3_stm32f4.a(usb_control.o)
                0x0000000008001b24                usbd_register_control_callback
 .text._usbd_control_setup
                0x0000000008001b50       0x70 libopencm3/lib/libopencm3_stm32f4.a(usb_control.o)
                0x0000000008001b50                _usbd_control_setup
 .text._usbd_control_out
                0x0000000008001bc0       0x82 libopencm3/lib/libopencm3_stm32f4.a(usb_control.o)
                0x0000000008001bc0                _usbd_control_out
 .text._usbd_control_in
                0x0000000008001c42       0x64 libopencm3/lib/libopencm3_stm32f4.a(usb_control.o)
                0x0000000008001c42                _usbd_control_in
 *fill*         0x0000000008001ca6        0x2 
 .text.stm32f107_usbd_init
                0x0000000008001ca8       0xa0 libopencm3/lib/libopencm3_stm32f4.a(usb_f107.o)
 .text.blocking_handler
                0x0000000008001d48        0x2 libopencm3/lib/libopencm3_stm32f4.a(vector.o)
                0x0000000008001d48                dma2_stream1_isr
                0x0000000008001d48                tim8_brk_tim12_isr
                0x0000000008001d48                dma1_stream7_isr
                0x0000000008001d48                usart3_isr
                0x0000000008001d48                tim7_isr
                0x0000000008001d48                dma2d_isr
                0x0000000008001d48                uart8_isr
                0x0000000008001d48                dma1_stream2_isr
                0x0000000008001d48                otg_hs_isr
                0x0000000008001d48                blocking_handler
                0x0000000008001d48                tim5_isr
                0x0000000008001d48                rtc_wkup_isr
                0x0000000008001d48                spi1_isr
                0x0000000008001d48                i2c3_er_isr
                0x0000000008001d48                exti2_isr
                0x0000000008001d48                spi5_isr
                0x0000000008001d48                usb_fs_wkup_isr
                0x0000000008001d48                tamp_stamp_isr
                0x0000000008001d48                can1_rx1_isr
                0x0000000008001d48                dma2_stream0_isr
                0x0000000008001d48                usart1_isr
                0x0000000008001d48                i2c3_ev_isr
                0x0000000008001d48                usage_fault_handler
                0x0000000008001d48                can2_rx0_isr
                0x0000000008001d48                dma1_stream6_isr
                0x0000000008001d48                can2_rx1_isr
                0x0000000008001d48                can1_sce_isr
                0x0000000008001d48                tim1_cc_isr
                0x0000000008001d48                can1_tx_isr
                0x0000000008001d48                tim1_up_tim10_isr
                0x0000000008001d48                sdio_isr
                0x0000000008001d48                eth_isr
                0x0000000008001d48                spi6_isr
                0x0000000008001d48                dma2_stream5_isr
                0x0000000008001d48                pvd_isr
                0x0000000008001d48                can1_rx0_isr
                0x0000000008001d48                rcc_isr
                0x0000000008001d48                dma2_stream3_isr
                0x0000000008001d48                flash_isr
                0x0000000008001d48                uart4_isr
                0x0000000008001d48                lcd_tft_isr
                0x0000000008001d48                rtc_alarm_isr
                0x0000000008001d48                exti15_10_isr
                0x0000000008001d48                hash_rng_isr
                0x0000000008001d48                tim1_trg_com_tim11_isr
                0x0000000008001d48                hard_fault_handler
                0x0000000008001d48                exti1_isr
                0x0000000008001d48                i2c1_ev_isr
                0x0000000008001d48                usart6_isr
                0x0000000008001d48                spi2_isr
                0x0000000008001d48                cryp_isr
                0x0000000008001d48                nvic_wwdg_isr
                0x0000000008001d48                dma1_stream1_isr
                0x0000000008001d48                dma2_stream4_isr
                0x0000000008001d48                exti3_isr
                0x0000000008001d48                tim3_isr
                0x0000000008001d48                usart2_isr
                0x0000000008001d48                sai1_isr
                0x0000000008001d48                fpu_isr
                0x0000000008001d48                dma1_stream4_isr
                0x0000000008001d48                i2c2_er_isr
                0x0000000008001d48                i2c2_ev_isr
                0x0000000008001d48                uart5_isr
                0x0000000008001d48                dma2_stream6_isr
                0x0000000008001d48                spi4_isr
                0x0000000008001d48                adc_isr
                0x0000000008001d48                dma2_stream7_isr
                0x0000000008001d48                tim8_up_tim13_isr
                0x0000000008001d48                fsmc_isr
                0x0000000008001d48                exti4_isr
                0x0000000008001d48                tim6_dac_isr
                0x0000000008001d48                dma1_stream3_isr
                0x0000000008001d48                tim8_trg_com_tim14_isr
                0x0000000008001d48                mem_manage_handler
                0x0000000008001d48                lcd_tft_err_isr
                0x0000000008001d48                can2_tx_isr
                0x0000000008001d48                exti9_5_isr
                0x0000000008001d48                tim1_brk_tim9_isr
                0x0000000008001d48                uart7_isr
                0x0000000008001d48                can2_sce_isr
                0x0000000008001d48                tim4_isr
                0x0000000008001d48                otg_hs_wkup_isr
                0x0000000008001d48                i2c1_er_isr
                0x0000000008001d48                dma1_stream0_isr
                0x0000000008001d48                tim8_cc_isr
                0x0000000008001d48                dcmi_isr
                0x0000000008001d48                dma2_stream2_isr
                0x0000000008001d48                eth_wkup_isr
                0x0000000008001d48                bus_fault_handler
                0x0000000008001d48                otg_hs_ep1_out_isr
                0x0000000008001d48                spi3_isr
                0x0000000008001d48                dma1_stream5_isr
                0x0000000008001d48                otg_hs_ep1_in_isr
                0x0000000008001d48                tim2_isr
                0x0000000008001d48                exti0_isr
 .text.null_handler
                0x0000000008001d4a        0x2 libopencm3/lib/libopencm3_stm32f4.a(vector.o)
                0x0000000008001d4a                null_handler
                0x0000000008001d4a                sv_call_handler
                0x0000000008001d4a                pend_sv_handler
                0x0000000008001d4a                debug_monitor_handler
                0x0000000008001d4a                nmi_handler
 .text.reset_handler
                0x0000000008001d4c       0x9c libopencm3/lib/libopencm3_stm32f4.a(vector.o)
                0x0000000008001d4c                reset_handler
 .text.systick_set_reload
                0x0000000008001de8        0xc libopencm3/lib/libopencm3_stm32f4.a(systick.o)
                0x0000000008001de8                systick_set_reload
 .text.systick_set_clocksource
                0x0000000008001df4       0x14 libopencm3/lib/libopencm3_stm32f4.a(systick.o)
                0x0000000008001df4                systick_set_clocksource
 .text.systick_interrupt_enable
                0x0000000008001e08        0xe libopencm3/lib/libopencm3_stm32f4.a(systick.o)
                0x0000000008001e08                systick_interrupt_enable
 .text.systick_interrupt_disable
                0x0000000008001e16        0xe libopencm3/lib/libopencm3_stm32f4.a(systick.o)
                0x0000000008001e16                systick_interrupt_disable
 .text.systick_counter_enable
                0x0000000008001e24        0xe libopencm3/lib/libopencm3_stm32f4.a(systick.o)
                0x0000000008001e24                systick_counter_enable
 .text.systick_counter_disable
                0x0000000008001e32        0xe libopencm3/lib/libopencm3_stm32f4.a(systick.o)
                0x0000000008001e32                systick_counter_disable
 .text.nvic_enable_irq
                0x0000000008001e40       0x1c libopencm3/lib/libopencm3_stm32f4.a(nvic.o)
                0x0000000008001e40                nvic_enable_irq
 .text.nvic_disable_irq
                0x0000000008001e5c       0x1c libopencm3/lib/libopencm3_stm32f4.a(nvic.o)
                0x0000000008001e5c                nvic_disable_irq
 .text.pwr_set_vos_scale
                0x0000000008001e78       0x20 libopencm3/lib/libopencm3_stm32f4.a(pwr.o)
                0x0000000008001e78                pwr_set_vos_scale
 .text.dwc_set_address
                0x0000000008001e98       0x18 libopencm3/lib/libopencm3_stm32f4.a(usb_dwc_common.o)
                0x0000000008001e98                dwc_set_address
 .text.dwc_ep_setup
                0x0000000008001eb0      0x136 libopencm3/lib/libopencm3_stm32f4.a(usb_dwc_common.o)
                0x0000000008001eb0                dwc_ep_setup
 .text.dwc_endpoints_reset
                0x0000000008001fe6       0x4c libopencm3/lib/libopencm3_stm32f4.a(usb_dwc_common.o)
                0x0000000008001fe6                dwc_endpoints_reset
 .text.dwc_ep_stall_set
                0x0000000008002032       0x88 libopencm3/lib/libopencm3_stm32f4.a(usb_dwc_common.o)
                0x0000000008002032                dwc_ep_stall_set
 .text.dwc_ep_stall_get
                0x00000000080020ba       0x28 libopencm3/lib/libopencm3_stm32f4.a(usb_dwc_common.o)
                0x00000000080020ba                dwc_ep_stall_get
 .text.dwc_ep_nak_set
                0x00000000080020e2       0x28 libopencm3/lib/libopencm3_stm32f4.a(usb_dwc_common.o)
                0x00000000080020e2                dwc_ep_nak_set
 .text.dwc_ep_write_packet
                0x000000000800210a       0x52 libopencm3/lib/libopencm3_stm32f4.a(usb_dwc_common.o)
                0x000000000800210a                dwc_ep_write_packet
 .text.dwc_ep_read_packet
                0x000000000800215c       0x74 libopencm3/lib/libopencm3_stm32f4.a(usb_dwc_common.o)
                0x000000000800215c                dwc_ep_read_packet
 .text.dwc_poll
                0x00000000080021d0      0x1de libopencm3/lib/libopencm3_stm32f4.a(usb_dwc_common.o)
                0x00000000080021d0                dwc_poll
 .text.dwc_disconnect
                0x00000000080023ae       0x1c libopencm3/lib/libopencm3_stm32f4.a(usb_dwc_common.o)
                0x00000000080023ae                dwc_disconnect
 *fill*         0x00000000080023ca        0x2 
 .text          0x00000000080023cc      0x134 /usr/lib/gcc/arm-none-eabi/10.3.1/../../../arm-none-eabi/lib/thumb/v7e-m+fp/hard/libg.a(lib_a-memcpy.o)
                0x00000000080023cc                memcpy
 .text          0x0000000008002500       0xdc /usr/lib/gcc/arm-none-eabi/10.3.1/../../../arm-none-eabi/lib/thumb/v7e-m+fp/hard/libg.a(lib_a-strlen.o)
                0x0000000008002500                strlen
                0x00000000080025dc                . = ALIGN (0x4)
 *(.rodata*)
 .rodata        0x00000000080025dc        0x4 build/phi_bl/bl.o
 .rodata.str1.1
                0x00000000080025e0       0x1c build/phi_bl/stm32/cdcacm.o
 .rodata        0x00000000080025fc       0xb2 build/phi_bl/stm32/cdcacm.o
 .rodata.str1.1
                0x00000000080026ae       0x2a build/phi_bl/main_f4.o
 .rodata        0x00000000080026d8       0xe8 build/phi_bl/main_f4.o
                0x00000000080027ac                silicon_revs
 .rodata.stm32f107_usb_driver
                0x00000000080027c0       0x34 libopencm3/lib/libopencm3_stm32f4.a(usb_f107.o)
                0x00000000080027c0                stm32f107_usb_driver
                0x00000000080027f4                . = ALIGN (0x4)

.glue_7         0x00000000080027f4        0x0
 .glue_7        0x00000000080027f4        0x0 linker stubs

.glue_7t        0x00000000080027f4        0x0
 .glue_7t       0x00000000080027f4        0x0 linker stubs

.vfp11_veneer   0x00000000080027f4        0x0
 .vfp11_veneer  0x00000000080027f4        0x0 linker stubs

.v4_bx          0x00000000080027f4        0x0
 .v4_bx         0x00000000080027f4        0x0 linker stubs

.iplt           0x00000000080027f4        0x0
 .iplt          0x00000000080027f4        0x0 build/phi_bl/bl.o

.rel.dyn        0x00000000080027f4        0x0
 .rel.iplt      0x00000000080027f4        0x0 build/phi_bl/bl.o

.preinit_array  0x00000000080027f4        0x0
                0x00000000080027f4                . = ALIGN (0x4)
                0x00000000080027f4                __preinit_array_start = .
 *(.preinit_array)
                0x00000000080027f4                __preinit_array_end = .

.init_array     0x00000000080027f4        0x0
                0x00000000080027f4                . = ALIGN (0x4)
                0x00000000080027f4                __init_array_start = .
 *(SORT_BY_NAME(.init_array.*))
 *(.init_array)
                0x00000000080027f4                __init_array_end = .

.fini_array     0x00000000080027f4        0x0
                0x00000000080027f4                . = ALIGN (0x4)
                0x00000000080027f4                __fini_array_start = .
 *(.fini_array)
 *(SORT_BY_NAME(.fini_array.*))
                0x00000000080027f4                __fini_array_end = .
                0x0000000020000000                . = ORIGIN (ram)

.data           0x0000000020000000       0x58 load address 0x00000000080027f4
                0x0000000020000000                _data = .
 *(.data*)
 .data          0x0000000020000000        0xc build/phi_bl/stm32/cdcacm.o
 .data          0x000000002000000c       0x40 build/phi_bl/main_f4.o
                0x000000002000000c                board_info
                0x000000002000001c                mcu_descriptions
 .data.rcc_ahb_frequency
                0x000000002000004c        0x4 libopencm3/lib/libopencm3_stm32f4.a(rcc.o)
                0x000000002000004c                rcc_ahb_frequency
 .data.rcc_apb1_frequency
                0x0000000020000050        0x4 libopencm3/lib/libopencm3_stm32f4.a(rcc.o)
                0x0000000020000050                rcc_apb1_frequency
 .data.rcc_apb2_frequency
                0x0000000020000054        0x4 libopencm3/lib/libopencm3_stm32f4.a(rcc.o)
                0x0000000020000054                rcc_apb2_frequency
                0x0000000020000058                . = ALIGN (0x4)
                0x0000000020000058                _edata = .
                0x00000000080027f4                _data_loadaddr = LOADADDR (.data)

.igot.plt       0x0000000020000058        0x0 load address 0x000000000800284c
 .igot.plt      0x0000000020000058        0x0 build/phi_bl/bl.o

.bss            0x0000000020000058      0x7a0 load address 0x000000000800284c
                0x0000000020000058                _sbss = .
 *(.bss*)
 .bss           0x0000000020000058      0x61c build/phi_bl/bl.o
                0x000000002000005c                timer
 .bss           0x0000000020000674       0x84 build/phi_bl/stm32/cdcacm.o
 .bss           0x00000000200006f8        0x4 build/phi_bl/stm32/usart.o
                0x00000000200006f8                usart
 .bss.usbd_dev  0x00000000200006fc       0xfc libopencm3/lib/libopencm3_stm32f4.a(usb_f107.o)
 *(COMMON)
                0x00000000200007f8                . = ALIGN (0x4)
                0x00000000200007f8                _ebss = .

/DISCARD/
 *(.eh_frame)
                0x00000000200007f8                . = ALIGN (0x4)
                0x00000000200007f8                end = .
                0x0000000020020000                PROVIDE (_stack = 0x20020000)
OUTPUT(build/phi_bl/phi_bl.elf elf32-littlearm)
LOAD linker stubs

.debug_info     0x0000000000000000     0xabef
 .debug_info    0x0000000000000000     0x114c build/phi_bl/bl.o
 .debug_info    0x000000000000114c      0xdd2 build/phi_bl/stm32/cdcacm.o
 .debug_info    0x0000000000001f1e      0x296 build/phi_bl/stm32/usart.o
 .debug_info    0x00000000000021b4      0xd5f build/phi_bl/main_f4.o
 .debug_info    0x0000000000002f13      0x990 libopencm3/lib/libopencm3_stm32f4.a(rcc.o)
 .debug_info    0x00000000000038a3      0x20f libopencm3/lib/libopencm3_stm32f4.a(gpio_common_f0234.o)
 .debug_info    0x0000000000003ab2      0x514 libopencm3/lib/libopencm3_stm32f4.a(usart_common_all.o)
 .debug_info    0x0000000000003fc6      0x186 libopencm3/lib/libopencm3_stm32f4.a(usart_common_f124.o)
 .debug_info    0x000000000000414c      0x122 libopencm3/lib/libopencm3_stm32f4.a(flash_common_f234.o)
 .debug_info    0x000000000000426e      0x557 libopencm3/lib/libopencm3_stm32f4.a(flash_common_f24.o)
 .debug_info    0x00000000000047c5      0x900 libopencm3/lib/libopencm3_stm32f4.a(rcc_common_all.o)
 .debug_info    0x00000000000050c5      0xef4 libopencm3/lib/libopencm3_stm32f4.a(usb.o)
 .debug_info    0x0000000000005fb9     0x1628 libopencm3/lib/libopencm3_stm32f4.a(usb_standard.o)
 .debug_info    0x00000000000075e1     0x1027 libopencm3/lib/libopencm3_stm32f4.a(usb_control.o)
 .debug_info    0x0000000000008608      0xe96 libopencm3/lib/libopencm3_stm32f4.a(usb_f107.o)
 .debug_info    0x000000000000949e      0x2e6 libopencm3/lib/libopencm3_stm32f4.a(vector.o)
 .debug_info    0x0000000000009784      0x268 libopencm3/lib/libopencm3_stm32f4.a(systick.o)
 .debug_info    0x00000000000099ec      0x22d libopencm3/lib/libopencm3_stm32f4.a(nvic.o)
 .debug_info    0x0000000000009c19       0xbc libopencm3/lib/libopencm3_stm32f4.a(pwr.o)
 .debug_info    0x0000000000009cd5      0xece libopencm3/lib/libopencm3_stm32f4.a(usb_dwc_common.o)
 .debug_info    0x000000000000aba3       0x26 /usr/lib/gcc/arm-none-eabi/10.3.1/../../../arm-none-eabi/lib/thumb/v7e-m+fp/hard/libg.a(lib_a-memcpy.o)
 .debug_info    0x000000000000abc9       0x26 /usr/lib/gcc/arm-none-eabi/10.3.1/../../../arm-none-eabi/lib/thumb/v7e-m+fp/hard/libg.a(lib_a-strlen.o)

.debug_abbrev   0x0000000000000000     0x281d
 .debug_abbrev  0x0000000000000000      0x41f build/phi_bl/bl.o
 .debug_abbrev  0x000000000000041f      0x2e1 build/phi_bl/stm32/cdcacm.o
 .debug_abbrev  0x0000000000000700      0x135 build/phi_bl/stm32/usart.o
 .debug_abbrev  0x0000000000000835      0x3cb build/phi_bl/main_f4.o
 .debug_abbrev  0x0000000000000c00      0x282 libopencm3/lib/libopencm3_stm32f4.a(rcc.o)
 .debug_abbrev  0x0000000000000e82       0xbf libopencm3/lib/libopencm3_stm32f4.a(gpio_common_f0234.o)
 .debug_abbrev  0x0000000000000f41      0x129 libopencm3/lib/libopencm3_stm32f4.a(usart_common_all.o)
 .debug_abbrev  0x000000000000106a       0xb5 libopencm3/lib/libopencm3_stm32f4.a(usart_common_f124.o)
 .debug_abbrev  0x000000000000111f       0x98 libopencm3/lib/libopencm3_stm32f4.a(flash_common_f234.o)
 .debug_abbrev  0x00000000000011b7      0x158 libopencm3/lib/libopencm3_stm32f4.a(flash_common_f24.o)
 .debug_abbrev  0x000000000000130f      0x145 libopencm3/lib/libopencm3_stm32f4.a(rcc_common_all.o)
 .debug_abbrev  0x0000000000001454      0x257 libopencm3/lib/libopencm3_stm32f4.a(usb.o)
 .debug_abbrev  0x00000000000016ab      0x493 libopencm3/lib/libopencm3_stm32f4.a(usb_standard.o)
 .debug_abbrev  0x0000000000001b3e      0x383 libopencm3/lib/libopencm3_stm32f4.a(usb_control.o)
 .debug_abbrev  0x0000000000001ec1      0x1ee libopencm3/lib/libopencm3_stm32f4.a(usb_f107.o)
 .debug_abbrev  0x00000000000020af      0x15b libopencm3/lib/libopencm3_stm32f4.a(vector.o)
 .debug_abbrev  0x000000000000220a      0x155 libopencm3/lib/libopencm3_stm32f4.a(systick.o)
 .debug_abbrev  0x000000000000235f       0xb5 libopencm3/lib/libopencm3_stm32f4.a(nvic.o)
 .debug_abbrev  0x0000000000002414       0x85 libopencm3/lib/libopencm3_stm32f4.a(pwr.o)
 .debug_abbrev  0x0000000000002499      0x35c libopencm3/lib/libopencm3_stm32f4.a(usb_dwc_common.o)
 .debug_abbrev  0x00000000000027f5       0x14 /usr/lib/gcc/arm-none-eabi/10.3.1/../../../arm-none-eabi/lib/thumb/v7e-m+fp/hard/libg.a(lib_a-memcpy.o)
 .debug_abbrev  0x0000000000002809       0x14 /usr/lib/gcc/arm-none-eabi/10.3.1/../../../arm-none-eabi/lib/thumb/v7e-m+fp/hard/libg.a(lib_a-strlen.o)

.debug_loc      0x0000000000000000     0x4e6e
 .debug_loc     0x0000000000000000      0x7fb build/phi_bl/bl.o
 .debug_loc     0x00000000000007fb      0x251 build/phi_bl/stm32/cdcacm.o
 .debug_loc     0x0000000000000a4c       0xc0 build/phi_bl/stm32/usart.o
 .debug_loc     0x0000000000000b0c      0x6ea build/phi_bl/main_f4.o
 .debug_loc     0x00000000000011f6      0x70b libopencm3/lib/libopencm3_stm32f4.a(rcc.o)
 .debug_loc     0x0000000000001901      0x14f libopencm3/lib/libopencm3_stm32f4.a(gpio_common_f0234.o)
 .debug_loc     0x0000000000001a50      0x206 libopencm3/lib/libopencm3_stm32f4.a(usart_common_all.o)
 .debug_loc     0x0000000000001c56       0x99 libopencm3/lib/libopencm3_stm32f4.a(usart_common_f124.o)
 .debug_loc     0x0000000000001cef       0x47 libopencm3/lib/libopencm3_stm32f4.a(flash_common_f234.o)
 .debug_loc     0x0000000000001d36      0x30d libopencm3/lib/libopencm3_stm32f4.a(flash_common_f24.o)
 .debug_loc     0x0000000000002043       0xde libopencm3/lib/libopencm3_stm32f4.a(rcc_common_all.o)
 .debug_loc     0x0000000000002121      0x544 libopencm3/lib/libopencm3_stm32f4.a(usb.o)
 .debug_loc     0x0000000000002665     0x1340 libopencm3/lib/libopencm3_stm32f4.a(usb_standard.o)
 .debug_loc     0x00000000000039a5      0x7e2 libopencm3/lib/libopencm3_stm32f4.a(usb_control.o)
 .debug_loc     0x0000000000004187      0x128 libopencm3/lib/libopencm3_stm32f4.a(vector.o)
 .debug_loc     0x00000000000042af      0x192 libopencm3/lib/libopencm3_stm32f4.a(systick.o)
 .debug_loc     0x0000000000004441      0x14d libopencm3/lib/libopencm3_stm32f4.a(nvic.o)
 .debug_loc     0x000000000000458e      0x8e0 libopencm3/lib/libopencm3_stm32f4.a(usb_dwc_common.o)

.debug_aranges  0x0000000000000000      0x8a8
 .debug_aranges
                0x0000000000000000       0x80 build/phi_bl/bl.o
 .debug_aranges
                0x0000000000000080       0x58 build/phi_bl/stm32/cdcacm.o
 .debug_aranges
                0x00000000000000d8       0x38 build/phi_bl/stm32/usart.o
 .debug_aranges
                0x0000000000000110       0xa8 build/phi_bl/main_f4.o
 .debug_aranges
                0x00000000000001b8       0xe0 libopencm3/lib/libopencm3_stm32f4.a(rcc.o)
 .debug_aranges
                0x0000000000000298       0x30 libopencm3/lib/libopencm3_stm32f4.a(gpio_common_f0234.o)
 .debug_aranges
                0x00000000000002c8       0xb8 libopencm3/lib/libopencm3_stm32f4.a(usart_common_all.o)
 .debug_aranges
                0x0000000000000380       0x40 libopencm3/lib/libopencm3_stm32f4.a(usart_common_f124.o)
 .debug_aranges
                0x00000000000003c0       0x50 libopencm3/lib/libopencm3_stm32f4.a(flash_common_f234.o)
 .debug_aranges
                0x0000000000000410       0xd0 libopencm3/lib/libopencm3_stm32f4.a(flash_common_f24.o)
 .debug_aranges
                0x00000000000004e0       0x58 libopencm3/lib/libopencm3_stm32f4.a(rcc_common_all.o)
 .debug_aranges
                0x0000000000000538       0x88 libopencm3/lib/libopencm3_stm32f4.a(usb.o)
 .debug_aranges
                0x00000000000005c0       0x98 libopencm3/lib/libopencm3_stm32f4.a(usb_standard.o)
 .debug_aranges
                0x0000000000000658       0x60 libopencm3/lib/libopencm3_stm32f4.a(usb_control.o)
 .debug_aranges
                0x00000000000006b8       0x20 libopencm3/lib/libopencm3_stm32f4.a(usb_f107.o)
 .debug_aranges
                0x00000000000006d8       0x30 libopencm3/lib/libopencm3_stm32f4.a(vector.o)
 .debug_aranges
                0x0000000000000708       0x78 libopencm3/lib/libopencm3_stm32f4.a(systick.o)
 .debug_aranges
                0x0000000000000780       0x60 libopencm3/lib/libopencm3_stm32f4.a(nvic.o)
 .debug_aranges
                0x00000000000007e0       0x20 libopencm3/lib/libopencm3_stm32f4.a(pwr.o)
 .debug_aranges
                0x0000000000000800       0x68 libopencm3/lib/libopencm3_stm32f4.a(usb_dwc_common.o)
 .debug_aranges
                0x0000000000000868       0x20 /usr/lib/gcc/arm-none-eabi/10.3.1/../../../arm-none-eabi/lib/thumb/v7e-m+fp/hard/libg.a(lib_a-memcpy.o)
 .debug_aranges
                0x0000000000000888       0x20 /usr/lib/gcc/arm-none-eabi/10.3.1/../../../arm-none-eabi/lib/thumb/v7e-m+fp/hard/libg.a(lib_a-strlen.o)

.debug_ranges   0x0000000000000000      0xae0
 .debug_ranges  0x0000000000000000      0x260 build/phi_bl/bl.o
 .debug_ranges  0x0000000000000260       0x48 build/phi_bl/stm32/cdcacm.o
 .debug_ranges  0x00000000000002a8       0x28 build/phi_bl/stm32/usart.o
 .debug_ranges  0x00000000000002d0      0x128 build/phi_bl/main_f4.o
 .debug_ranges  0x00000000000003f8       0xe8 libopencm3/lib/libopencm3_stm32f4.a(rcc.o)
 .debug_ranges  0x00000000000004e0       0x20 libopencm3/lib/libopencm3_stm32f4.a(gpio_common_f0234.o)
 .debug_ranges  0x0000000000000500       0xa8 libopencm3/lib/libopencm3_stm32f4.a(usart_common_all.o)
 .debug_ranges  0x00000000000005a8       0x30 libopencm3/lib/libopencm3_stm32f4.a(usart_common_f124.o)
 .debug_ranges  0x00000000000005d8       0x40 libopencm3/lib/libopencm3_stm32f4.a(flash_common_f234.o)
 .debug_ranges  0x0000000000000618       0xc0 libopencm3/lib/libopencm3_stm32f4.a(flash_common_f24.o)
 .debug_ranges  0x00000000000006d8       0x48 libopencm3/lib/libopencm3_stm32f4.a(rcc_common_all.o)
 .debug_ranges  0x0000000000000720       0x78 libopencm3/lib/libopencm3_stm32f4.a(usb.o)
 .debug_ranges  0x0000000000000798      0x120 libopencm3/lib/libopencm3_stm32f4.a(usb_standard.o)
 .debug_ranges  0x00000000000008b8       0xa0 libopencm3/lib/libopencm3_stm32f4.a(usb_control.o)
 .debug_ranges  0x0000000000000958       0x10 libopencm3/lib/libopencm3_stm32f4.a(usb_f107.o)
 .debug_ranges  0x0000000000000968       0x20 libopencm3/lib/libopencm3_stm32f4.a(vector.o)
 .debug_ranges  0x0000000000000988       0x80 libopencm3/lib/libopencm3_stm32f4.a(systick.o)
 .debug_ranges  0x0000000000000a08       0x50 libopencm3/lib/libopencm3_stm32f4.a(nvic.o)
 .debug_ranges  0x0000000000000a58       0x10 libopencm3/lib/libopencm3_stm32f4.a(pwr.o)
 .debug_ranges  0x0000000000000a68       0x78 libopencm3/lib/libopencm3_stm32f4.a(usb_dwc_common.o)

.debug_line     0x0000000000000000     0x628c
 .debug_line    0x0000000000000000      0xa34 build/phi_bl/bl.o
 .debug_line    0x0000000000000a34      0x3a5 build/phi_bl/stm32/cdcacm.o
 .debug_line    0x0000000000000dd9      0x18d build/phi_bl/stm32/usart.o
 .debug_line    0x0000000000000f66      0x6fc build/phi_bl/main_f4.o
 .debug_line    0x0000000000001662      0x841 libopencm3/lib/libopencm3_stm32f4.a(rcc.o)
 .debug_line    0x0000000000001ea3      0x38e libopencm3/lib/libopencm3_stm32f4.a(gpio_common_f0234.o)
 .debug_line    0x0000000000002231      0x49a libopencm3/lib/libopencm3_stm32f4.a(usart_common_all.o)
 .debug_line    0x00000000000026cb      0x286 libopencm3/lib/libopencm3_stm32f4.a(usart_common_f124.o)
 .debug_line    0x0000000000002951      0x296 libopencm3/lib/libopencm3_stm32f4.a(flash_common_f234.o)
 .debug_line    0x0000000000002be7      0x57b libopencm3/lib/libopencm3_stm32f4.a(flash_common_f24.o)
 .debug_line    0x0000000000003162      0x2a5 libopencm3/lib/libopencm3_stm32f4.a(rcc_common_all.o)
 .debug_line    0x0000000000003407      0x423 libopencm3/lib/libopencm3_stm32f4.a(usb.o)
 .debug_line    0x000000000000382a      0xb44 libopencm3/lib/libopencm3_stm32f4.a(usb_standard.o)
 .debug_line    0x000000000000436e      0x664 libopencm3/lib/libopencm3_stm32f4.a(usb_control.o)
 .debug_line    0x00000000000049d2      0x40c libopencm3/lib/libopencm3_stm32f4.a(usb_f107.o)
 .debug_line    0x0000000000004dde      0x318 libopencm3/lib/libopencm3_stm32f4.a(vector.o)
 .debug_line    0x00000000000050f6      0x26e libopencm3/lib/libopencm3_stm32f4.a(systick.o)
 .debug_line    0x0000000000005364      0x273 libopencm3/lib/libopencm3_stm32f4.a(nvic.o)
 .debug_line    0x00000000000055d7      0x18b libopencm3/lib/libopencm3_stm32f4.a(pwr.o)
 .debug_line    0x0000000000005762      0x9bd libopencm3/lib/libopencm3_stm32f4.a(usb_dwc_common.o)
 .debug_line    0x000000000000611f       0xbe /usr/lib/gcc/arm-none-eabi/10.3.1/../../../arm-none-eabi/lib/thumb/v7e-m+fp/hard/libg.a(lib_a-memcpy.o)
 .debug_line    0x00000000000061dd       0xaf /usr/lib/gcc/arm-none-eabi/10.3.1/../../../arm-none-eabi/lib/thumb/v7e-m+fp/hard/libg.a(lib_a-strlen.o)

.debug_str      0x0000000000000000    0x17cf8
 .debug_str     0x0000000000000000      0x417 build/phi_bl/bl.o
                                        0x50c (size before relaxing)
 .debug_str     0x0000000000000417      0x7f4 build/phi_bl/stm32/cdcacm.o
                                        0xa06 (size before relaxing)
 .debug_str     0x0000000000000c0b       0xbe build/phi_bl/stm32/usart.o
                                        0x2b8 (size before relaxing)
 .debug_str     0x0000000000000cc9      0x350 build/phi_bl/main_f4.o
                                        0x7ab (size before relaxing)
 .debug_str     0x0000000000001019     0x9006 libopencm3/lib/libopencm3_stm32f4.a(rcc.o)
                                       0x933a (size before relaxing)
 .debug_str     0x000000000000a01f     0x141e libopencm3/lib/libopencm3_stm32f4.a(gpio_common_f0234.o)
                                       0x60a7 (size before relaxing)
 .debug_str     0x000000000000b43d     0x13be libopencm3/lib/libopencm3_stm32f4.a(usart_common_all.o)
                                       0x98f0 (size before relaxing)
 .debug_str     0x000000000000c7fb       0x2d libopencm3/lib/libopencm3_stm32f4.a(usart_common_f124.o)
                                       0x9704 (size before relaxing)
 .debug_str     0x000000000000c828       0x7e libopencm3/lib/libopencm3_stm32f4.a(flash_common_f234.o)
                                       0x53f5 (size before relaxing)
 .debug_str     0x000000000000c8a6      0x201 libopencm3/lib/libopencm3_stm32f4.a(flash_common_f24.o)
                                       0x5605 (size before relaxing)
 .debug_str     0x000000000000caa7      0x9be libopencm3/lib/libopencm3_stm32f4.a(rcc_common_all.o)
                                       0x8e94 (size before relaxing)
 .debug_str     0x000000000000d465     0x379d libopencm3/lib/libopencm3_stm32f4.a(usb.o)
                                       0x7842 (size before relaxing)
 .debug_str     0x0000000000010c02      0x2d3 libopencm3/lib/libopencm3_stm32f4.a(usb_standard.o)
                                       0x79b6 (size before relaxing)
 .debug_str     0x0000000000010ed5      0x184 libopencm3/lib/libopencm3_stm32f4.a(usb_control.o)
                                       0x7883 (size before relaxing)
 .debug_str     0x0000000000011059     0x3390 libopencm3/lib/libopencm3_stm32f4.a(usb_f107.o)
                                       0xf9bc (size before relaxing)
 .debug_str     0x00000000000143e9     0x2a44 libopencm3/lib/libopencm3_stm32f4.a(vector.o)
                                       0x66fc (size before relaxing)
 .debug_str     0x0000000000016e2d      0x2be libopencm3/lib/libopencm3_stm32f4.a(systick.o)
                                       0x4012 (size before relaxing)
 .debug_str     0x00000000000170eb      0x9cf libopencm3/lib/libopencm3_stm32f4.a(nvic.o)
                                       0x509a (size before relaxing)
 .debug_str     0x0000000000017aba        0x6 libopencm3/lib/libopencm3_stm32f4.a(pwr.o)
                                       0x4fcb (size before relaxing)
 .debug_str     0x0000000000017ac0      0x145 libopencm3/lib/libopencm3_stm32f4.a(usb_dwc_common.o)
                                       0x9e77 (size before relaxing)
 .debug_str     0x0000000000017c05       0xb1 /usr/lib/gcc/arm-none-eabi/10.3.1/../../../arm-none-eabi/lib/thumb/v7e-m+fp/hard/libg.a(lib_a-memcpy.o)
 .debug_str     0x0000000000017cb6       0x42 /usr/lib/gcc/arm-none-eabi/10.3.1/../../../arm-none-eabi/lib/thumb/v7e-m+fp/hard/libg.a(lib_a-strlen.o)
                                         0xb0 (size before relaxing)

.comment        0x0000000000000000       0x33
 .comment       0x0000000000000000       0x33 build/phi_bl/bl.o
                                         0x34 (size before relaxing)
 .comment       0x0000000000000033       0x34 build/phi_bl/stm32/cdcacm.o
 .comment       0x0000000000000033       0x34 build/phi_bl/stm32/usart.o
 .comment       0x0000000000000033       0x34 build/phi_bl/main_f4.o
 .comment       0x0000000000000033       0x34 libopencm3/lib/libopencm3_stm32f4.a(rcc.o)
 .comment       0x0000000000000033       0x34 libopencm3/lib/libopencm3_stm32f4.a(gpio_common_f0234.o)
 .comment       0x0000000000000033       0x34 libopencm3/lib/libopencm3_stm32f4.a(usart_common_all.o)
 .comment       0x0000000000000033       0x34 libopencm3/lib/libopencm3_stm32f4.a(usart_common_f124.o)
 .comment       0x0000000000000033       0x34 libopencm3/lib/libopencm3_stm32f4.a(flash_common_f234.o)
 .comment       0x0000000000000033       0x34 libopencm3/lib/libopencm3_stm32f4.a(flash_common_f24.o)
 .comment       0x0000000000000033       0x34 libopencm3/lib/libopencm3_stm32f4.a(rcc_common_all.o)
 .comment       0x0000000000000033       0x34 libopencm3/lib/libopencm3_stm32f4.a(usb.o)
 .comment       0x0000000000000033       0x34 libopencm3/lib/libopencm3_stm32f4.a(usb_standard.o)
 .comment       0x0000000000000033       0x34 libopencm3/lib/libopencm3_stm32f4.a(usb_control.o)
 .comment       0x0000000000000033       0x34 libopencm3/lib/libopencm3_stm32f4.a(usb_f107.o)
 .comment       0x0000000000000033       0x34 libopencm3/lib/libopencm3_stm32f4.a(vector.o)
 .comment       0x0000000000000033       0x34 libopencm3/lib/libopencm3_stm32f4.a(systick.o)
 .comment       0x0000000000000033       0x34 libopencm3/lib/libopencm3_stm32f4.a(nvic.o)
 .comment       0x0000000000000033       0x34 libopencm3/lib/libopencm3_stm32f4.a(pwr.o)
 .comment       0x0000000000000033       0x34 libopencm3/lib/libopencm3_stm32f4.a(usb_dwc_common.o)

.ARM.attributes
                0x0000000000000000       0x32
 .ARM.attributes
                0x0000000000000000       0x34 build/phi_bl/bl.o
 .ARM.attributes
                0x0000000000000034       0x34 build/phi_bl/stm32/cdcacm.o
 .ARM.attributes
                0x0000000000000068       0x34 build/phi_bl/stm32/usart.o
 .ARM.attributes
                0x000000000000009c       0x34 build/phi_bl/main_f4.o
 .ARM.attributes
                0x00000000000000d0       0x34 libopencm3/lib/libopencm3_stm32f4.a(rcc.o)
 .ARM.attributes
                0x0000000000000104       0x34 libopencm3/lib/libopencm3_stm32f4.a(gpio_common_f0234.o)
 .ARM.attributes
                0x0000000000000138       0x34 libopencm3/lib/libopencm3_stm32f4.a(usart_common_all.o)
 .ARM.attributes
                0x000000000000016c       0x34 libopencm3/lib/libopencm3_stm32f4.a(usart_common_f124.o)
 .ARM.attributes
                0x00000000000001a0       0x34 libopencm3/lib/libopencm3_stm32f4.a(flash_common_f234.o)
 .ARM.attributes
                0x00000000000001d4       0x34 libopencm3/lib/libopencm3_stm32f4.a(flash_common_f24.o)
 .ARM.attributes
                0x0000000000000208       0x34 libopencm3/lib/libopencm3_stm32f4.a(rcc_common_all.o)
 .ARM.attributes
                0x000000000000023c       0x34 libopencm3/lib/libopencm3_stm32f4.a(usb.o)
 .ARM.attributes
                0x0000000000000270       0x34 libopencm3/lib/libopencm3_stm32f4.a(usb_standard.o)
 .ARM.attributes
                0x00000000000002a4       0x34 libopencm3/lib/libopencm3_stm32f4.a(usb_control.o)
 .ARM.attributes
                0x00000000000002d8       0x34 libopencm3/lib/libopencm3_stm32f4.a(usb_f107.o)
 .ARM.attributes
                0x000000000000030c       0x34 libopencm3/lib/libopencm3_stm32f4.a(vector.o)
 .ARM.attributes
                0x0000000000000340       0x34 libopencm3/lib/libopencm3_stm32f4.a(systick.o)
 .ARM.attributes
                0x0000000000000374       0x34 libopencm3/lib/libopencm3_stm32f4.a(nvic.o)
 .ARM.attributes
                0x00000000000003a8       0x34 libopencm3/lib/libopencm3_stm32f4.a(pwr.o)
 .ARM.attributes
                0x00000000000003dc       0x34 libopencm3/lib/libopencm3_stm32f4.a(usb_dwc_common.o)
 .ARM.attributes
                0x0000000000000410       0x1c /usr/lib/gcc/arm-none-eabi/10.3.1/../../../arm-none-eabi/lib/thumb/v7e-m+fp/hard/libg.a(lib_a-memcpy.o)
 .ARM.attributes
                0x000000000000042c       0x1c /usr/lib/gcc/arm-none-eabi/10.3.1/../../../arm-none-eabi/lib/thumb/v7e-m+fp/hard/libg.a(lib_a-strlen.o)

.debug_frame    0x0000000000000000     0x1334
 .debug_frame   0x0000000000000000      0x170 build/phi_bl/bl.o
 .debug_frame   0x0000000000000170       0xe0 build/phi_bl/stm32/cdcacm.o
 .debug_frame   0x0000000000000250       0x70 build/phi_bl/stm32/usart.o
 .debug_frame   0x00000000000002c0      0x18c build/phi_bl/main_f4.o
 .debug_frame   0x000000000000044c      0x1cc libopencm3/lib/libopencm3_stm32f4.a(rcc.o)
 .debug_frame   0x0000000000000618       0x70 libopencm3/lib/libopencm3_stm32f4.a(gpio_common_f0234.o)
 .debug_frame   0x0000000000000688      0x174 libopencm3/lib/libopencm3_stm32f4.a(usart_common_all.o)
 .debug_frame   0x00000000000007fc       0x60 libopencm3/lib/libopencm3_stm32f4.a(usart_common_f124.o)
 .debug_frame   0x000000000000085c       0x80 libopencm3/lib/libopencm3_stm32f4.a(flash_common_f234.o)
 .debug_frame   0x00000000000008dc      0x1f0 libopencm3/lib/libopencm3_stm32f4.a(flash_common_f24.o)
 .debug_frame   0x0000000000000acc       0xd0 libopencm3/lib/libopencm3_stm32f4.a(rcc_common_all.o)
 .debug_frame   0x0000000000000b9c      0x13c libopencm3/lib/libopencm3_stm32f4.a(usb.o)
 .debug_frame   0x0000000000000cd8      0x1e4 libopencm3/lib/libopencm3_stm32f4.a(usb_standard.o)
 .debug_frame   0x0000000000000ebc      0x15c libopencm3/lib/libopencm3_stm32f4.a(usb_control.o)
 .debug_frame   0x0000000000001018       0x28 libopencm3/lib/libopencm3_stm32f4.a(usb_f107.o)
 .debug_frame   0x0000000000001040       0x40 libopencm3/lib/libopencm3_stm32f4.a(vector.o)
 .debug_frame   0x0000000000001080       0xd8 libopencm3/lib/libopencm3_stm32f4.a(systick.o)
 .debug_frame   0x0000000000001158       0xa0 libopencm3/lib/libopencm3_stm32f4.a(nvic.o)
 .debug_frame   0x00000000000011f8       0x20 libopencm3/lib/libopencm3_stm32f4.a(pwr.o)
 .debug_frame   0x0000000000001218      0x11c libopencm3/lib/libopencm3_stm32f4.a(usb_dwc_common.o)

.debug_macro    0x0000000000000000     0x55eb
 .debug_macro   0x0000000000000000       0xbd libopencm3/lib/libopencm3_stm32f4.a(rcc.o)
 .debug_macro   0x00000000000000bd      0xa6c libopencm3/lib/libopencm3_stm32f4.a(rcc.o)
 .debug_macro   0x0000000000000b29      0x34e libopencm3/lib/libopencm3_stm32f4.a(rcc.o)
 .debug_macro   0x0000000000000e77       0x22 libopencm3/lib/libopencm3_stm32f4.a(rcc.o)
 .debug_macro   0x0000000000000e99       0xfa libopencm3/lib/libopencm3_stm32f4.a(rcc.o)
 .debug_macro   0x0000000000000f93       0x16 libopencm3/lib/libopencm3_stm32f4.a(rcc.o)
 .debug_macro   0x0000000000000fa9       0x58 libopencm3/lib/libopencm3_stm32f4.a(rcc.o)
 .debug_macro   0x0000000000001001      0x26d libopencm3/lib/libopencm3_stm32f4.a(rcc.o)
 .debug_macro   0x000000000000126e      0xc7e libopencm3/lib/libopencm3_stm32f4.a(rcc.o)
 .debug_macro   0x0000000000001eec       0x8e libopencm3/lib/libopencm3_stm32f4.a(rcc.o)
 .debug_macro   0x0000000000001f7a       0x22 libopencm3/lib/libopencm3_stm32f4.a(rcc.o)
 .debug_macro   0x0000000000001f9c       0x6a libopencm3/lib/libopencm3_stm32f4.a(rcc.o)
 .debug_macro   0x0000000000002006       0xf4 libopencm3/lib/libopencm3_stm32f4.a(rcc.o)
 .debug_macro   0x00000000000020fa       0x89 libopencm3/lib/libopencm3_stm32f4.a(gpio_common_f0234.o)
 .debug_macro   0x0000000000002183       0x76 libopencm3/lib/libopencm3_stm32f4.a(gpio_common_f0234.o)
 .debug_macro   0x00000000000021f9      0x2e6 libopencm3/lib/libopencm3_stm32f4.a(gpio_common_f0234.o)
 .debug_macro   0x00000000000024df      0x14e libopencm3/lib/libopencm3_stm32f4.a(gpio_common_f0234.o)
 .debug_macro   0x000000000000262d       0xa1 libopencm3/lib/libopencm3_stm32f4.a(usart_common_all.o)
 .debug_macro   0x00000000000026ce       0x94 libopencm3/lib/libopencm3_stm32f4.a(usart_common_all.o)
 .debug_macro   0x0000000000002762      0x29e libopencm3/lib/libopencm3_stm32f4.a(usart_common_all.o)
 .debug_macro   0x0000000000002a00       0xa0 libopencm3/lib/libopencm3_stm32f4.a(usart_common_all.o)
 .debug_macro   0x0000000000002aa0       0xa1 libopencm3/lib/libopencm3_stm32f4.a(usart_common_f124.o)
 .debug_macro   0x0000000000002b41       0x7a libopencm3/lib/libopencm3_stm32f4.a(flash_common_f234.o)
 .debug_macro   0x0000000000002bbb       0x7a libopencm3/lib/libopencm3_stm32f4.a(flash_common_f24.o)
 .debug_macro   0x0000000000002c35       0x86 libopencm3/lib/libopencm3_stm32f4.a(rcc_common_all.o)
 .debug_macro   0x0000000000002cbb      0x125 libopencm3/lib/libopencm3_stm32f4.a(usb.o)
 .debug_macro   0x0000000000002de0       0x22 libopencm3/lib/libopencm3_stm32f4.a(usb.o)
 .debug_macro   0x0000000000002e02       0x52 libopencm3/lib/libopencm3_stm32f4.a(usb.o)
 .debug_macro   0x0000000000002e54       0x18 libopencm3/lib/libopencm3_stm32f4.a(usb.o)
 .debug_macro   0x0000000000002e6c       0x5c libopencm3/lib/libopencm3_stm32f4.a(usb.o)
 .debug_macro   0x0000000000002ec8       0x35 libopencm3/lib/libopencm3_stm32f4.a(usb.o)
 .debug_macro   0x0000000000002efd       0x34 libopencm3/lib/libopencm3_stm32f4.a(usb.o)
 .debug_macro   0x0000000000002f31      0x16d libopencm3/lib/libopencm3_stm32f4.a(usb.o)
 .debug_macro   0x000000000000309e       0x16 libopencm3/lib/libopencm3_stm32f4.a(usb.o)
 .debug_macro   0x00000000000030b4       0x43 libopencm3/lib/libopencm3_stm32f4.a(usb.o)
 .debug_macro   0x00000000000030f7       0x57 libopencm3/lib/libopencm3_stm32f4.a(usb.o)
 .debug_macro   0x000000000000314e       0x34 libopencm3/lib/libopencm3_stm32f4.a(usb.o)
 .debug_macro   0x0000000000003182       0x10 libopencm3/lib/libopencm3_stm32f4.a(usb.o)
 .debug_macro   0x0000000000003192       0x52 libopencm3/lib/libopencm3_stm32f4.a(usb.o)
 .debug_macro   0x00000000000031e4      0x182 libopencm3/lib/libopencm3_stm32f4.a(usb.o)
 .debug_macro   0x0000000000003366      0x356 libopencm3/lib/libopencm3_stm32f4.a(usb.o)
 .debug_macro   0x00000000000036bc       0x10 libopencm3/lib/libopencm3_stm32f4.a(usb.o)
 .debug_macro   0x00000000000036cc       0x35 libopencm3/lib/libopencm3_stm32f4.a(usb.o)
 .debug_macro   0x0000000000003701      0x196 libopencm3/lib/libopencm3_stm32f4.a(usb.o)
 .debug_macro   0x0000000000003897       0x10 libopencm3/lib/libopencm3_stm32f4.a(usb.o)
 .debug_macro   0x00000000000038a7       0x1c libopencm3/lib/libopencm3_stm32f4.a(usb.o)
 .debug_macro   0x00000000000038c3      0x125 libopencm3/lib/libopencm3_stm32f4.a(usb_standard.o)
 .debug_macro   0x00000000000039e8      0x133 libopencm3/lib/libopencm3_stm32f4.a(usb_control.o)
 .debug_macro   0x0000000000003b1b       0x16 libopencm3/lib/libopencm3_stm32f4.a(usb_control.o)
 .debug_macro   0x0000000000003b31      0x10e libopencm3/lib/libopencm3_stm32f4.a(usb_control.o)
 .debug_macro   0x0000000000003c3f       0x86 libopencm3/lib/libopencm3_stm32f4.a(usb_control.o)
 .debug_macro   0x0000000000003cc5       0x22 libopencm3/lib/libopencm3_stm32f4.a(usb_control.o)
 .debug_macro   0x0000000000003ce7      0x18a libopencm3/lib/libopencm3_stm32f4.a(usb_f107.o)
 .debug_macro   0x0000000000003e71       0x3a libopencm3/lib/libopencm3_stm32f4.a(usb_f107.o)
 .debug_macro   0x0000000000003eab      0x19c libopencm3/lib/libopencm3_stm32f4.a(usb_f107.o)
 .debug_macro   0x0000000000004047      0x8d7 libopencm3/lib/libopencm3_stm32f4.a(usb_f107.o)
 .debug_macro   0x000000000000491e      0x130 libopencm3/lib/libopencm3_stm32f4.a(usb_f107.o)
 .debug_macro   0x0000000000004a4e       0x8b libopencm3/lib/libopencm3_stm32f4.a(vector.o)
 .debug_macro   0x0000000000004ad9      0x3a1 libopencm3/lib/libopencm3_stm32f4.a(vector.o)
 .debug_macro   0x0000000000004e7a       0x6a libopencm3/lib/libopencm3_stm32f4.a(vector.o)
 .debug_macro   0x0000000000004ee4      0x22c libopencm3/lib/libopencm3_stm32f4.a(vector.o)
 .debug_macro   0x0000000000005110       0x4a libopencm3/lib/libopencm3_stm32f4.a(systick.o)
 .debug_macro   0x000000000000515a       0x64 libopencm3/lib/libopencm3_stm32f4.a(systick.o)
 .debug_macro   0x00000000000051be       0x6b libopencm3/lib/libopencm3_stm32f4.a(nvic.o)
 .debug_macro   0x0000000000005229       0x64 libopencm3/lib/libopencm3_stm32f4.a(nvic.o)
 .debug_macro   0x000000000000528d      0x1b0 libopencm3/lib/libopencm3_stm32f4.a(nvic.o)
 .debug_macro   0x000000000000543d       0x70 libopencm3/lib/libopencm3_stm32f4.a(pwr.o)
 .debug_macro   0x00000000000054ad      0x13e libopencm3/lib/libopencm3_stm32f4.a(usb_dwc_common.o)
